============================= test session starts =============================
platform win32 -- Python 3.10.11, pytest-9.0.2, pluggy-1.6.0 -- C:\Users\Lenovo\AppData\Local\Programs\Python\Python310\python.exe
cachedir: .pytest_cache
rootdir: C:\Users\Lenovo\Desktop\PBL
plugins: anyio-4.12.0, langsmith-0.5.1, asyncio-1.3.0, typeguard-4.4.4
asyncio: mode=strict, debug=False, asyncio_default_fixture_loop_scope=None, asyncio_default_test_loop_scope=function
collecting ... collected 52 items

tests/test_code_extractor.py::TestExtractPythonBlocks::test_single_python_block PASSED [  1%]
tests/test_code_extractor.py::TestExtractPythonBlocks::test_multiple_python_blocks PASSED [  3%]
tests/test_code_extractor.py::TestExtractPythonBlocks::test_py_shorthand_fence PASSED [  5%]
tests/test_code_extractor.py::TestExtractPythonBlocks::test_ignores_non_python_blocks PASSED [  7%]
tests/test_code_extractor.py::TestExtractPythonBlocks::test_empty_input PASSED [  9%]
tests/test_code_extractor.py::TestExtractPythonBlocks::test_no_code_blocks PASSED [ 11%]
tests/test_code_extractor.py::TestExtractPythonBlocks::test_mixed_languages PASSED [ 13%]
tests/test_code_extractor.py::TestExtractPythonBlocks::test_multiline_block PASSED [ 15%]
tests/test_docker_executor.py::TestRunCodeInSandbox::test_successful_execution PASSED [ 17%]
tests/test_docker_executor.py::TestRunCodeInSandbox::test_failed_execution PASSED [ 19%]
tests/test_docker_executor.py::TestRunCodeInSandbox::test_image_not_found PASSED [ 21%]
tests/test_docker_executor.py::TestRunCodeInSandbox::test_container_removed_on_timeout PASSED [ 23%]
tests/test_docker_executor.py::TestRunCodeInSandbox::test_sandbox_result_model PASSED [ 25%]
tests/test_git_manager.py::TestSanitizeRepoName::test_normal_url PASSED  [ 26%]
tests/test_git_manager.py::TestSanitizeRepoName::test_url_without_dotgit PASSED [ 28%]
tests/test_git_manager.py::TestSanitizeRepoName::test_suspicious_name_raises PASSED [ 30%]
tests/test_git_manager.py::TestSafeResolve::test_normal_path PASSED      [ 32%]
tests/test_git_manager.py::TestSafeResolve::test_traversal_blocked PASSED [ 34%]
tests/test_git_manager.py::TestSafeResolve::test_nested_path PASSED      [ 36%]
tests/test_git_manager.py::TestCloneRepo::test_clones_when_dir_missing PASSED [ 38%]
tests/test_git_manager.py::TestCloneRepo::test_pulls_when_dir_exists PASSED [ 40%]
tests/test_git_manager.py::TestGetDiff::test_returns_diff_string PASSED  [ 42%]
tests/test_git_manager.py::TestGetDiff::test_truncates_large_diff PASSED [ 44%]
tests/test_git_manager.py::TestReadFile::test_reads_file_content PASSED  [ 46%]
tests/test_git_manager.py::TestReadFile::test_path_traversal_blocked PASSED [ 48%]
tests/test_git_manager.py::TestWriteFile::test_writes_file_content PASSED [ 50%]
tests/test_git_manager.py::TestWriteFile::test_path_traversal_blocked PASSED [ 51%]
tests/test_git_manager.py::TestCommitAndPush::test_commits_and_pushes PASSED [ 53%]
tests/test_git_manager.py::TestCommitAndPush::test_pushes_to_specified_branch PASSED [ 55%]
tests/test_nodes.py::TestAnalyzerNode::test_returns_analysis PASSED      [ 57%]
tests/test_nodes.py::TestAnalyzerNode::test_llm_failure_surfaces_error PASSED [ 59%]
tests/test_nodes.py::TestWriterNode::test_first_pass_uses_original_readme PASSED [ 61%]
tests/test_nodes.py::TestWriterNode::test_retry_pass_uses_updated_readme PASSED [ 63%]
tests/test_nodes.py::TestWriterNode::test_llm_failure_surfaces_error PASSED [ 65%]
tests/test_nodes.py::TestTesterNode::test_all_blocks_pass PASSED         [ 67%]
tests/test_nodes.py::TestTesterNode::test_block_failure_recorded PASSED  [ 69%]
tests/test_nodes.py::TestTesterNode::test_no_updated_readme PASSED       [ 71%]
tests/test_nodes.py::TestTesterNode::test_no_python_blocks PASSED        [ 73%]
tests/test_webhook.py::test_health_check PASSED                          [ 75%]
tests/test_webhook.py::test_missing_signature_returns_401 PASSED         [ 76%]
tests/test_webhook.py::test_invalid_signature_returns_401 PASSED         [ 78%]
tests/test_webhook.py::test_non_pr_event_ignored PASSED                  [ 80%]
tests/test_webhook.py::test_unmerged_pr_ignored PASSED                   [ 82%]
tests/test_webhook.py::test_merged_pr_triggers_workflow PASSED           [ 84%]
tests/test_webhook.py::test_malformed_payload_returns_400 PASSED         [ 86%]
tests/test_webhook.py::test_duplicate_delivery_ignored PASSED            [ 88%]
tests/test_workflow.py::TestRunGhostwriterWorkflow::test_empty_diff_returns_no_changes PASSED [ 90%]
tests/test_workflow.py::TestRunGhostwriterWorkflow::test_missing_readme_returns_no_readme PASSED [ 92%]
tests/test_workflow.py::TestRunGhostwriterWorkflow::test_clone_failure_returns_error PASSED [ 94%]
tests/test_workflow.py::TestShouldRetry::test_retry_when_errors_and_retries_remain PASSED [ 96%]
tests/test_workflow.py::TestShouldRetry::test_end_when_no_errors PASSED  [ 98%]
tests/test_workflow.py::TestShouldRetry::test_end_when_retries_exhausted PASSED [100%]

============================== warnings summary ===============================
<frozen importlib._bootstrap>:241
  <frozen importlib._bootstrap>:241: DeprecationWarning: builtin type SwigPyPacked has no __module__ attribute

<frozen importlib._bootstrap>:241
  <frozen importlib._bootstrap>:241: DeprecationWarning: builtin type SwigPyObject has no __module__ attribute

-- Docs: https://docs.pytest.org/en/stable/how-to/capture-warnings.html
======================= 52 passed, 2 warnings in 3.76s ========================
python : sys:1: 
DeprecationWarning: 
builtin type 
swigvarlink has no 
__module__ attribute
At line:1 char:104
+ ... env:OPENAI_API_KEY
="testkey"; python -m 
pytest tests/ -v 2>&1 | 
Out-F ...
+                       
            ~~~~~~~~~~~~
~~~~~~~~~~~~~~~~~~~
    + CategoryInfo      
        : NotSpecified  
  : (sys:1: Deprecat.   
 ..ule__ attribute:S    
tring) [], RemoteEx    
ception
    + FullyQualifiedErr 
   orId : NativeComman  
  dError
 
